[12-02-2025 19:01]:[INFO]:[MONGODB] Established Connection to mongodb://127.0.0.1:27017/
[12-02-2025 19:01]:[INFO]:[MONGODB] Established Connection to mongodb://127.0.0.1:27017/
[12-02-2025 19:01]:[INFO]:[MONGODB] Established Connection to mongodb://127.0.0.1:27017/
[12-02-2025 19:01]:[INFO]:[MONGODB] Established Connection to mongodb://127.0.0.1:27017/
[12-02-2025 19:01]:[INFO]:[MONGODB] Established Connection to mongodb://127.0.0.1:27017/
[12-02-2025 19:01]:[INFO]:[MONGODB] Established Connection to mongodb://127.0.0.1:27017/
[12-02-2025 19:01]:[INFO]:[MONGODB] Established Connection to mongodb://127.0.0.1:27017/
[12-02-2025 19:01]:[INFO]:[MONGODB] Established Connection to mongodb://127.0.0.1:27017/
[12-02-2025 19:01]:[INFO]:[MONGODB] Established Connection to mongodb://127.0.0.1:27017/
[12-02-2025 19:01]:[INFO]:[MONGODB] Established Connection to mongodb://127.0.0.1:27017/
[12-02-2025 19:01]:[INFO]:[MONGODB] Established Connection to mongodb://127.0.0.1:27017/
[12-02-2025 19:01]:[INFO]:[MONGODB] Established Connection to mongodb://127.0.0.1:27017/
[12-02-2025 19:01]:[INFO]:[MONGODB] Established Connection to mongodb://127.0.0.1:27017/
[12-02-2025 19:13]:[INFO]:[MONGODB] Established Connection to mongodb://127.0.0.1:27017/
[12-02-2025 19:13]:[INFO]:[MONGODB] Established Connection to mongodb://127.0.0.1:27017/
[12-02-2025 19:13]:[INFO]:[MONGODB] Established Connection to mongodb://127.0.0.1:27017/
[12-02-2025 19:13]:[INFO]:[MONGODB] Established Connection to mongodb://127.0.0.1:27017/
[12-02-2025 19:13]:[INFO]:[MONGODB] Established Connection to mongodb://127.0.0.1:27017/
[12-02-2025 19:13]:[INFO]:[MONGODB] Established Connection to mongodb://127.0.0.1:27017/
[12-02-2025 19:13]:[INFO]:[MONGODB] Established Connection to mongodb://127.0.0.1:27017/
[12-02-2025 19:13]:[INFO]:[MONGODB] Established Connection to mongodb://127.0.0.1:27017/
[12-02-2025 19:13]:[INFO]:[MONGODB] Established Connection to mongodb://127.0.0.1:27017/
[12-02-2025 19:13]:[INFO]:[MONGODB] Established Connection to mongodb://127.0.0.1:27017/
[12-02-2025 19:13]:[INFO]:[MONGODB] Established Connection to mongodb://127.0.0.1:27017/
[12-02-2025 19:15]:[WARNING]:[MONGODB] pymongo.errors.ServerSelectionTimeoutError : 127.0.0.1:27017: [Errno 111] Connection refused (configured timeouts: socketTimeoutMS: 20000.0ms, connectTimeoutMS: 20000.0ms), Timeout: 30s, Topology Description: <TopologyDescription id: 67aca5cf1e6a669240a36292, topology_type: Unknown, servers: [<ServerDescription ('127.0.0.1', 27017) server_type: Unknown, rtt: None, error=AutoReconnect('127.0.0.1:27017: [Errno 111] Connection refused (configured timeouts: socketTimeoutMS: 20000.0ms, connectTimeoutMS: 20000.0ms)')>]> 
  File "/home/omnissiah/Project/nodejs/react/Smart_Data_Management/Smart_Data_Management/Main/models.py", line 161, in connect
    self.connection.server_info()
  File "/home/omnissiah/Project/Python/Django/django/lib/python3.12/site-packages/pymongo/synchronous/mongo_client.py", line 2125, in server_info
    self.admin.command(
  File "/home/omnissiah/Project/Python/Django/django/lib/python3.12/site-packages/pymongo/_csot.py", line 119, in csot_wrapper
    return func(self, *args, **kwargs)
           ^^^^^^^^^^^^^^^^^^^^^^^^^^^
  File "/home/omnissiah/Project/Python/Django/django/lib/python3.12/site-packages/pymongo/synchronous/database.py", line 926, in command
    with self._client._conn_for_reads(read_preference, session, operation=command_name) as (
         ^^^^^^^^^^^^^^^^^^^^^^^^^^^^^^^^^^^^^^^^^^^^^^^^^^^^^^^^^^^^^^^^^^^^^^^^^^^^^^
  File "/home/omnissiah/Project/Python/Django/django/lib/python3.12/site-packages/pymongo/synchronous/mongo_client.py", line 1701, in _conn_for_reads
    server = self._select_server(read_preference, session, operation)
             ^^^^^^^^^^^^^^^^^^^^^^^^^^^^^^^^^^^^^^^^^^^^^^^^^^^^^^^^
  File "/home/omnissiah/Project/Python/Django/django/lib/python3.12/site-packages/pymongo/synchronous/mongo_client.py", line 1649, in _select_server
    server = topology.select_server(
             ^^^^^^^^^^^^^^^^^^^^^^^
  File "/home/omnissiah/Project/Python/Django/django/lib/python3.12/site-packages/pymongo/synchronous/topology.py", line 398, in select_server
    server = self._select_server(
             ^^^^^^^^^^^^^^^^^^^^
  File "/home/omnissiah/Project/Python/Django/django/lib/python3.12/site-packages/pymongo/synchronous/topology.py", line 376, in _select_server
    servers = self.select_servers(
              ^^^^^^^^^^^^^^^^^^^^
  File "/home/omnissiah/Project/Python/Django/django/lib/python3.12/site-packages/pymongo/synchronous/topology.py", line 283, in select_servers
    server_descriptions = self._select_servers_loop(
                          ^^^^^^^^^^^^^^^^^^^^^^^^^^
  File "/home/omnissiah/Project/Python/Django/django/lib/python3.12/site-packages/pymongo/synchronous/topology.py", line 333, in _select_servers_loop
    raise ServerSelectionTimeoutError(
Traceback (most recent call last):
  File "/home/omnissiah/Project/nodejs/react/Smart_Data_Management/Smart_Data_Management/Main/models.py", line 161, in connect
    self.connection.server_info()
  File "/home/omnissiah/Project/Python/Django/django/lib/python3.12/site-packages/pymongo/synchronous/mongo_client.py", line 2125, in server_info
    self.admin.command(
  File "/home/omnissiah/Project/Python/Django/django/lib/python3.12/site-packages/pymongo/_csot.py", line 119, in csot_wrapper
    return func(self, *args, **kwargs)
           ^^^^^^^^^^^^^^^^^^^^^^^^^^^
  File "/home/omnissiah/Project/Python/Django/django/lib/python3.12/site-packages/pymongo/synchronous/database.py", line 926, in command
    with self._client._conn_for_reads(read_preference, session, operation=command_name) as (
         ^^^^^^^^^^^^^^^^^^^^^^^^^^^^^^^^^^^^^^^^^^^^^^^^^^^^^^^^^^^^^^^^^^^^^^^^^^^^^^
  File "/home/omnissiah/Project/Python/Django/django/lib/python3.12/site-packages/pymongo/synchronous/mongo_client.py", line 1701, in _conn_for_reads
    server = self._select_server(read_preference, session, operation)
             ^^^^^^^^^^^^^^^^^^^^^^^^^^^^^^^^^^^^^^^^^^^^^^^^^^^^^^^^
  File "/home/omnissiah/Project/Python/Django/django/lib/python3.12/site-packages/pymongo/synchronous/mongo_client.py", line 1649, in _select_server
    server = topology.select_server(
             ^^^^^^^^^^^^^^^^^^^^^^^
  File "/home/omnissiah/Project/Python/Django/django/lib/python3.12/site-packages/pymongo/synchronous/topology.py", line 398, in select_server
    server = self._select_server(
             ^^^^^^^^^^^^^^^^^^^^
  File "/home/omnissiah/Project/Python/Django/django/lib/python3.12/site-packages/pymongo/synchronous/topology.py", line 376, in _select_server
    servers = self.select_servers(
              ^^^^^^^^^^^^^^^^^^^^
  File "/home/omnissiah/Project/Python/Django/django/lib/python3.12/site-packages/pymongo/synchronous/topology.py", line 283, in select_servers
    server_descriptions = self._select_servers_loop(
                          ^^^^^^^^^^^^^^^^^^^^^^^^^^
  File "/home/omnissiah/Project/Python/Django/django/lib/python3.12/site-packages/pymongo/synchronous/topology.py", line 333, in _select_servers_loop
    raise ServerSelectionTimeoutError(
pymongo.errors.ServerSelectionTimeoutError: 127.0.0.1:27017: [Errno 111] Connection refused (configured timeouts: socketTimeoutMS: 20000.0ms, connectTimeoutMS: 20000.0ms), Timeout: 30s, Topology Description: <TopologyDescription id: 67aca5cf1e6a669240a36292, topology_type: Unknown, servers: [<ServerDescription ('127.0.0.1', 27017) server_type: Unknown, rtt: None, error=AutoReconnect('127.0.0.1:27017: [Errno 111] Connection refused (configured timeouts: socketTimeoutMS: 20000.0ms, connectTimeoutMS: 20000.0ms)')>]>
[12-02-2025 19:15]:[WARNING]:[MONGODB] pymongo.errors.ServerSelectionTimeoutError : 127.0.0.1:27017: [Errno 111] Connection refused (configured timeouts: socketTimeoutMS: 20000.0ms, connectTimeoutMS: 20000.0ms), Timeout: 30s, Topology Description: <TopologyDescription id: 67aca5ec1e6a669240a36293, topology_type: Unknown, servers: [<ServerDescription ('127.0.0.1', 27017) server_type: Unknown, rtt: None, error=AutoReconnect('127.0.0.1:27017: [Errno 111] Connection refused (configured timeouts: socketTimeoutMS: 20000.0ms, connectTimeoutMS: 20000.0ms)')>]> 
  File "/home/omnissiah/Project/nodejs/react/Smart_Data_Management/Smart_Data_Management/Main/models.py", line 161, in connect
    self.connection.server_info()
  File "/home/omnissiah/Project/Python/Django/django/lib/python3.12/site-packages/pymongo/synchronous/mongo_client.py", line 2125, in server_info
    self.admin.command(
  File "/home/omnissiah/Project/Python/Django/django/lib/python3.12/site-packages/pymongo/_csot.py", line 119, in csot_wrapper
    return func(self, *args, **kwargs)
           ^^^^^^^^^^^^^^^^^^^^^^^^^^^
  File "/home/omnissiah/Project/Python/Django/django/lib/python3.12/site-packages/pymongo/synchronous/database.py", line 926, in command
    with self._client._conn_for_reads(read_preference, session, operation=command_name) as (
         ^^^^^^^^^^^^^^^^^^^^^^^^^^^^^^^^^^^^^^^^^^^^^^^^^^^^^^^^^^^^^^^^^^^^^^^^^^^^^^
  File "/home/omnissiah/Project/Python/Django/django/lib/python3.12/site-packages/pymongo/synchronous/mongo_client.py", line 1701, in _conn_for_reads
    server = self._select_server(read_preference, session, operation)
             ^^^^^^^^^^^^^^^^^^^^^^^^^^^^^^^^^^^^^^^^^^^^^^^^^^^^^^^^
  File "/home/omnissiah/Project/Python/Django/django/lib/python3.12/site-packages/pymongo/synchronous/mongo_client.py", line 1649, in _select_server
    server = topology.select_server(
             ^^^^^^^^^^^^^^^^^^^^^^^
  File "/home/omnissiah/Project/Python/Django/django/lib/python3.12/site-packages/pymongo/synchronous/topology.py", line 398, in select_server
    server = self._select_server(
             ^^^^^^^^^^^^^^^^^^^^
  File "/home/omnissiah/Project/Python/Django/django/lib/python3.12/site-packages/pymongo/synchronous/topology.py", line 376, in _select_server
    servers = self.select_servers(
              ^^^^^^^^^^^^^^^^^^^^
  File "/home/omnissiah/Project/Python/Django/django/lib/python3.12/site-packages/pymongo/synchronous/topology.py", line 283, in select_servers
    server_descriptions = self._select_servers_loop(
                          ^^^^^^^^^^^^^^^^^^^^^^^^^^
  File "/home/omnissiah/Project/Python/Django/django/lib/python3.12/site-packages/pymongo/synchronous/topology.py", line 333, in _select_servers_loop
    raise ServerSelectionTimeoutError(
Traceback (most recent call last):
  File "/home/omnissiah/Project/nodejs/react/Smart_Data_Management/Smart_Data_Management/Main/models.py", line 161, in connect
    self.connection.server_info()
  File "/home/omnissiah/Project/Python/Django/django/lib/python3.12/site-packages/pymongo/synchronous/mongo_client.py", line 2125, in server_info
    self.admin.command(
  File "/home/omnissiah/Project/Python/Django/django/lib/python3.12/site-packages/pymongo/_csot.py", line 119, in csot_wrapper
    return func(self, *args, **kwargs)
           ^^^^^^^^^^^^^^^^^^^^^^^^^^^
  File "/home/omnissiah/Project/Python/Django/django/lib/python3.12/site-packages/pymongo/synchronous/database.py", line 926, in command
    with self._client._conn_for_reads(read_preference, session, operation=command_name) as (
         ^^^^^^^^^^^^^^^^^^^^^^^^^^^^^^^^^^^^^^^^^^^^^^^^^^^^^^^^^^^^^^^^^^^^^^^^^^^^^^
  File "/home/omnissiah/Project/Python/Django/django/lib/python3.12/site-packages/pymongo/synchronous/mongo_client.py", line 1701, in _conn_for_reads
    server = self._select_server(read_preference, session, operation)
             ^^^^^^^^^^^^^^^^^^^^^^^^^^^^^^^^^^^^^^^^^^^^^^^^^^^^^^^^
  File "/home/omnissiah/Project/Python/Django/django/lib/python3.12/site-packages/pymongo/synchronous/mongo_client.py", line 1649, in _select_server
    server = topology.select_server(
             ^^^^^^^^^^^^^^^^^^^^^^^
  File "/home/omnissiah/Project/Python/Django/django/lib/python3.12/site-packages/pymongo/synchronous/topology.py", line 398, in select_server
    server = self._select_server(
             ^^^^^^^^^^^^^^^^^^^^
  File "/home/omnissiah/Project/Python/Django/django/lib/python3.12/site-packages/pymongo/synchronous/topology.py", line 376, in _select_server
    servers = self.select_servers(
              ^^^^^^^^^^^^^^^^^^^^
  File "/home/omnissiah/Project/Python/Django/django/lib/python3.12/site-packages/pymongo/synchronous/topology.py", line 283, in select_servers
    server_descriptions = self._select_servers_loop(
                          ^^^^^^^^^^^^^^^^^^^^^^^^^^
  File "/home/omnissiah/Project/Python/Django/django/lib/python3.12/site-packages/pymongo/synchronous/topology.py", line 333, in _select_servers_loop
    raise ServerSelectionTimeoutError(
pymongo.errors.ServerSelectionTimeoutError: 127.0.0.1:27017: [Errno 111] Connection refused (configured timeouts: socketTimeoutMS: 20000.0ms, connectTimeoutMS: 20000.0ms), Timeout: 30s, Topology Description: <TopologyDescription id: 67aca5ec1e6a669240a36293, topology_type: Unknown, servers: [<ServerDescription ('127.0.0.1', 27017) server_type: Unknown, rtt: None, error=AutoReconnect('127.0.0.1:27017: [Errno 111] Connection refused (configured timeouts: socketTimeoutMS: 20000.0ms, connectTimeoutMS: 20000.0ms)')>]>
[12-02-2025 19:15]:[WARNING]:[MONGODB] pymongo.errors.ServerSelectionTimeoutError : 127.0.0.1:27017: [Errno 111] Connection refused (configured timeouts: socketTimeoutMS: 20000.0ms, connectTimeoutMS: 20000.0ms), Timeout: 30s, Topology Description: <TopologyDescription id: 67aca5ec1e6a669240a36293, topology_type: Unknown, servers: [<ServerDescription ('127.0.0.1', 27017) server_type: Unknown, rtt: None, error=AutoReconnect('127.0.0.1:27017: [Errno 111] Connection refused (configured timeouts: socketTimeoutMS: 20000.0ms, connectTimeoutMS: 20000.0ms)')>]> 
  File "/home/omnissiah/Project/nodejs/react/Smart_Data_Management/Smart_Data_Management/Main/models.py", line 161, in connect
    self.connection.server_info()
  File "/home/omnissiah/Project/Python/Django/django/lib/python3.12/site-packages/pymongo/synchronous/mongo_client.py", line 2125, in server_info
    self.admin.command(
  File "/home/omnissiah/Project/Python/Django/django/lib/python3.12/site-packages/pymongo/_csot.py", line 119, in csot_wrapper
    return func(self, *args, **kwargs)
           ^^^^^^^^^^^^^^^^^^^^^^^^^^^
  File "/home/omnissiah/Project/Python/Django/django/lib/python3.12/site-packages/pymongo/synchronous/database.py", line 926, in command
    with self._client._conn_for_reads(read_preference, session, operation=command_name) as (
         ^^^^^^^^^^^^^^^^^^^^^^^^^^^^^^^^^^^^^^^^^^^^^^^^^^^^^^^^^^^^^^^^^^^^^^^^^^^^^^
  File "/home/omnissiah/Project/Python/Django/django/lib/python3.12/site-packages/pymongo/synchronous/mongo_client.py", line 1701, in _conn_for_reads
    server = self._select_server(read_preference, session, operation)
             ^^^^^^^^^^^^^^^^^^^^^^^^^^^^^^^^^^^^^^^^^^^^^^^^^^^^^^^^
  File "/home/omnissiah/Project/Python/Django/django/lib/python3.12/site-packages/pymongo/synchronous/mongo_client.py", line 1649, in _select_server
    server = topology.select_server(
             ^^^^^^^^^^^^^^^^^^^^^^^
  File "/home/omnissiah/Project/Python/Django/django/lib/python3.12/site-packages/pymongo/synchronous/topology.py", line 398, in select_server
    server = self._select_server(
             ^^^^^^^^^^^^^^^^^^^^
  File "/home/omnissiah/Project/Python/Django/django/lib/python3.12/site-packages/pymongo/synchronous/topology.py", line 376, in _select_server
    servers = self.select_servers(
              ^^^^^^^^^^^^^^^^^^^^
  File "/home/omnissiah/Project/Python/Django/django/lib/python3.12/site-packages/pymongo/synchronous/topology.py", line 283, in select_servers
    server_descriptions = self._select_servers_loop(
                          ^^^^^^^^^^^^^^^^^^^^^^^^^^
  File "/home/omnissiah/Project/Python/Django/django/lib/python3.12/site-packages/pymongo/synchronous/topology.py", line 333, in _select_servers_loop
    raise ServerSelectionTimeoutError(
Traceback (most recent call last):
  File "/home/omnissiah/Project/nodejs/react/Smart_Data_Management/Smart_Data_Management/Main/models.py", line 161, in connect
    self.connection.server_info()
  File "/home/omnissiah/Project/Python/Django/django/lib/python3.12/site-packages/pymongo/synchronous/mongo_client.py", line 2125, in server_info
    self.admin.command(
  File "/home/omnissiah/Project/Python/Django/django/lib/python3.12/site-packages/pymongo/_csot.py", line 119, in csot_wrapper
    return func(self, *args, **kwargs)
           ^^^^^^^^^^^^^^^^^^^^^^^^^^^
  File "/home/omnissiah/Project/Python/Django/django/lib/python3.12/site-packages/pymongo/synchronous/database.py", line 926, in command
    with self._client._conn_for_reads(read_preference, session, operation=command_name) as (
         ^^^^^^^^^^^^^^^^^^^^^^^^^^^^^^^^^^^^^^^^^^^^^^^^^^^^^^^^^^^^^^^^^^^^^^^^^^^^^^
  File "/home/omnissiah/Project/Python/Django/django/lib/python3.12/site-packages/pymongo/synchronous/mongo_client.py", line 1701, in _conn_for_reads
    server = self._select_server(read_preference, session, operation)
             ^^^^^^^^^^^^^^^^^^^^^^^^^^^^^^^^^^^^^^^^^^^^^^^^^^^^^^^^
  File "/home/omnissiah/Project/Python/Django/django/lib/python3.12/site-packages/pymongo/synchronous/mongo_client.py", line 1649, in _select_server
    server = topology.select_server(
             ^^^^^^^^^^^^^^^^^^^^^^^
  File "/home/omnissiah/Project/Python/Django/django/lib/python3.12/site-packages/pymongo/synchronous/topology.py", line 398, in select_server
    server = self._select_server(
             ^^^^^^^^^^^^^^^^^^^^
  File "/home/omnissiah/Project/Python/Django/django/lib/python3.12/site-packages/pymongo/synchronous/topology.py", line 376, in _select_server
    servers = self.select_servers(
              ^^^^^^^^^^^^^^^^^^^^
  File "/home/omnissiah/Project/Python/Django/django/lib/python3.12/site-packages/pymongo/synchronous/topology.py", line 283, in select_servers
    server_descriptions = self._select_servers_loop(
                          ^^^^^^^^^^^^^^^^^^^^^^^^^^
  File "/home/omnissiah/Project/Python/Django/django/lib/python3.12/site-packages/pymongo/synchronous/topology.py", line 333, in _select_servers_loop
    raise ServerSelectionTimeoutError(
pymongo.errors.ServerSelectionTimeoutError: 127.0.0.1:27017: [Errno 111] Connection refused (configured timeouts: socketTimeoutMS: 20000.0ms, connectTimeoutMS: 20000.0ms), Timeout: 30s, Topology Description: <TopologyDescription id: 67aca5ec1e6a669240a36293, topology_type: Unknown, servers: [<ServerDescription ('127.0.0.1', 27017) server_type: Unknown, rtt: None, error=AutoReconnect('127.0.0.1:27017: [Errno 111] Connection refused (configured timeouts: socketTimeoutMS: 20000.0ms, connectTimeoutMS: 20000.0ms)')>]>
[12-02-2025 19:15]:[WARNING]:[MONGODB] pymongo.errors.ServerSelectionTimeoutError : 127.0.0.1:27017: [Errno 111] Connection refused (configured timeouts: socketTimeoutMS: 20000.0ms, connectTimeoutMS: 20000.0ms), Timeout: 30s, Topology Description: <TopologyDescription id: 67aca5ec1e6a669240a36293, topology_type: Unknown, servers: [<ServerDescription ('127.0.0.1', 27017) server_type: Unknown, rtt: None, error=AutoReconnect('127.0.0.1:27017: [Errno 111] Connection refused (configured timeouts: socketTimeoutMS: 20000.0ms, connectTimeoutMS: 20000.0ms)')>]> 
  File "/home/omnissiah/Project/nodejs/react/Smart_Data_Management/Smart_Data_Management/Main/models.py", line 161, in connect
    self.connection.server_info()
  File "/home/omnissiah/Project/Python/Django/django/lib/python3.12/site-packages/pymongo/synchronous/mongo_client.py", line 2125, in server_info
    self.admin.command(
  File "/home/omnissiah/Project/Python/Django/django/lib/python3.12/site-packages/pymongo/_csot.py", line 119, in csot_wrapper
    return func(self, *args, **kwargs)
           ^^^^^^^^^^^^^^^^^^^^^^^^^^^
  File "/home/omnissiah/Project/Python/Django/django/lib/python3.12/site-packages/pymongo/synchronous/database.py", line 926, in command
    with self._client._conn_for_reads(read_preference, session, operation=command_name) as (
         ^^^^^^^^^^^^^^^^^^^^^^^^^^^^^^^^^^^^^^^^^^^^^^^^^^^^^^^^^^^^^^^^^^^^^^^^^^^^^^
  File "/home/omnissiah/Project/Python/Django/django/lib/python3.12/site-packages/pymongo/synchronous/mongo_client.py", line 1701, in _conn_for_reads
    server = self._select_server(read_preference, session, operation)
             ^^^^^^^^^^^^^^^^^^^^^^^^^^^^^^^^^^^^^^^^^^^^^^^^^^^^^^^^
  File "/home/omnissiah/Project/Python/Django/django/lib/python3.12/site-packages/pymongo/synchronous/mongo_client.py", line 1649, in _select_server
    server = topology.select_server(
             ^^^^^^^^^^^^^^^^^^^^^^^
  File "/home/omnissiah/Project/Python/Django/django/lib/python3.12/site-packages/pymongo/synchronous/topology.py", line 398, in select_server
    server = self._select_server(
             ^^^^^^^^^^^^^^^^^^^^
  File "/home/omnissiah/Project/Python/Django/django/lib/python3.12/site-packages/pymongo/synchronous/topology.py", line 376, in _select_server
    servers = self.select_servers(
              ^^^^^^^^^^^^^^^^^^^^
  File "/home/omnissiah/Project/Python/Django/django/lib/python3.12/site-packages/pymongo/synchronous/topology.py", line 283, in select_servers
    server_descriptions = self._select_servers_loop(
                          ^^^^^^^^^^^^^^^^^^^^^^^^^^
  File "/home/omnissiah/Project/Python/Django/django/lib/python3.12/site-packages/pymongo/synchronous/topology.py", line 333, in _select_servers_loop
    raise ServerSelectionTimeoutError(
Traceback (most recent call last):
  File "/home/omnissiah/Project/nodejs/react/Smart_Data_Management/Smart_Data_Management/Main/models.py", line 161, in connect
    self.connection.server_info()
  File "/home/omnissiah/Project/Python/Django/django/lib/python3.12/site-packages/pymongo/synchronous/mongo_client.py", line 2125, in server_info
    self.admin.command(
  File "/home/omnissiah/Project/Python/Django/django/lib/python3.12/site-packages/pymongo/_csot.py", line 119, in csot_wrapper
    return func(self, *args, **kwargs)
           ^^^^^^^^^^^^^^^^^^^^^^^^^^^
  File "/home/omnissiah/Project/Python/Django/django/lib/python3.12/site-packages/pymongo/synchronous/database.py", line 926, in command
    with self._client._conn_for_reads(read_preference, session, operation=command_name) as (
         ^^^^^^^^^^^^^^^^^^^^^^^^^^^^^^^^^^^^^^^^^^^^^^^^^^^^^^^^^^^^^^^^^^^^^^^^^^^^^^
  File "/home/omnissiah/Project/Python/Django/django/lib/python3.12/site-packages/pymongo/synchronous/mongo_client.py", line 1701, in _conn_for_reads
    server = self._select_server(read_preference, session, operation)
             ^^^^^^^^^^^^^^^^^^^^^^^^^^^^^^^^^^^^^^^^^^^^^^^^^^^^^^^^
  File "/home/omnissiah/Project/Python/Django/django/lib/python3.12/site-packages/pymongo/synchronous/mongo_client.py", line 1649, in _select_server
    server = topology.select_server(
             ^^^^^^^^^^^^^^^^^^^^^^^
  File "/home/omnissiah/Project/Python/Django/django/lib/python3.12/site-packages/pymongo/synchronous/topology.py", line 398, in select_server
    server = self._select_server(
             ^^^^^^^^^^^^^^^^^^^^
  File "/home/omnissiah/Project/Python/Django/django/lib/python3.12/site-packages/pymongo/synchronous/topology.py", line 376, in _select_server
    servers = self.select_servers(
              ^^^^^^^^^^^^^^^^^^^^
  File "/home/omnissiah/Project/Python/Django/django/lib/python3.12/site-packages/pymongo/synchronous/topology.py", line 283, in select_servers
    server_descriptions = self._select_servers_loop(
                          ^^^^^^^^^^^^^^^^^^^^^^^^^^
  File "/home/omnissiah/Project/Python/Django/django/lib/python3.12/site-packages/pymongo/synchronous/topology.py", line 333, in _select_servers_loop
    raise ServerSelectionTimeoutError(
pymongo.errors.ServerSelectionTimeoutError: 127.0.0.1:27017: [Errno 111] Connection refused (configured timeouts: socketTimeoutMS: 20000.0ms, connectTimeoutMS: 20000.0ms), Timeout: 30s, Topology Description: <TopologyDescription id: 67aca5ec1e6a669240a36293, topology_type: Unknown, servers: [<ServerDescription ('127.0.0.1', 27017) server_type: Unknown, rtt: None, error=AutoReconnect('127.0.0.1:27017: [Errno 111] Connection refused (configured timeouts: socketTimeoutMS: 20000.0ms, connectTimeoutMS: 20000.0ms)')>]>
[12-02-2025 19:15]:[WARNING]:[MONGODB] pymongo.errors.ServerSelectionTimeoutError : 127.0.0.1:27017: [Errno 111] Connection refused (configured timeouts: socketTimeoutMS: 20000.0ms, connectTimeoutMS: 20000.0ms), Timeout: 30s, Topology Description: <TopologyDescription id: 67aca5ec1e6a669240a36293, topology_type: Unknown, servers: [<ServerDescription ('127.0.0.1', 27017) server_type: Unknown, rtt: None, error=AutoReconnect('127.0.0.1:27017: [Errno 111] Connection refused (configured timeouts: socketTimeoutMS: 20000.0ms, connectTimeoutMS: 20000.0ms)')>]> 
  File "/home/omnissiah/Project/nodejs/react/Smart_Data_Management/Smart_Data_Management/Main/models.py", line 161, in connect
    self.connection.server_info()
  File "/home/omnissiah/Project/Python/Django/django/lib/python3.12/site-packages/pymongo/synchronous/mongo_client.py", line 2125, in server_info
    self.admin.command(
  File "/home/omnissiah/Project/Python/Django/django/lib/python3.12/site-packages/pymongo/_csot.py", line 119, in csot_wrapper
    return func(self, *args, **kwargs)
           ^^^^^^^^^^^^^^^^^^^^^^^^^^^
  File "/home/omnissiah/Project/Python/Django/django/lib/python3.12/site-packages/pymongo/synchronous/database.py", line 926, in command
    with self._client._conn_for_reads(read_preference, session, operation=command_name) as (
         ^^^^^^^^^^^^^^^^^^^^^^^^^^^^^^^^^^^^^^^^^^^^^^^^^^^^^^^^^^^^^^^^^^^^^^^^^^^^^^
  File "/home/omnissiah/Project/Python/Django/django/lib/python3.12/site-packages/pymongo/synchronous/mongo_client.py", line 1701, in _conn_for_reads
    server = self._select_server(read_preference, session, operation)
             ^^^^^^^^^^^^^^^^^^^^^^^^^^^^^^^^^^^^^^^^^^^^^^^^^^^^^^^^
  File "/home/omnissiah/Project/Python/Django/django/lib/python3.12/site-packages/pymongo/synchronous/mongo_client.py", line 1649, in _select_server
    server = topology.select_server(
             ^^^^^^^^^^^^^^^^^^^^^^^
  File "/home/omnissiah/Project/Python/Django/django/lib/python3.12/site-packages/pymongo/synchronous/topology.py", line 398, in select_server
    server = self._select_server(
             ^^^^^^^^^^^^^^^^^^^^
  File "/home/omnissiah/Project/Python/Django/django/lib/python3.12/site-packages/pymongo/synchronous/topology.py", line 376, in _select_server
    servers = self.select_servers(
              ^^^^^^^^^^^^^^^^^^^^
  File "/home/omnissiah/Project/Python/Django/django/lib/python3.12/site-packages/pymongo/synchronous/topology.py", line 283, in select_servers
    server_descriptions = self._select_servers_loop(
                          ^^^^^^^^^^^^^^^^^^^^^^^^^^
  File "/home/omnissiah/Project/Python/Django/django/lib/python3.12/site-packages/pymongo/synchronous/topology.py", line 333, in _select_servers_loop
    raise ServerSelectionTimeoutError(
Traceback (most recent call last):
  File "/home/omnissiah/Project/nodejs/react/Smart_Data_Management/Smart_Data_Management/Main/models.py", line 161, in connect
    self.connection.server_info()
  File "/home/omnissiah/Project/Python/Django/django/lib/python3.12/site-packages/pymongo/synchronous/mongo_client.py", line 2125, in server_info
    self.admin.command(
  File "/home/omnissiah/Project/Python/Django/django/lib/python3.12/site-packages/pymongo/_csot.py", line 119, in csot_wrapper
    return func(self, *args, **kwargs)
           ^^^^^^^^^^^^^^^^^^^^^^^^^^^
  File "/home/omnissiah/Project/Python/Django/django/lib/python3.12/site-packages/pymongo/synchronous/database.py", line 926, in command
    with self._client._conn_for_reads(read_preference, session, operation=command_name) as (
         ^^^^^^^^^^^^^^^^^^^^^^^^^^^^^^^^^^^^^^^^^^^^^^^^^^^^^^^^^^^^^^^^^^^^^^^^^^^^^^
  File "/home/omnissiah/Project/Python/Django/django/lib/python3.12/site-packages/pymongo/synchronous/mongo_client.py", line 1701, in _conn_for_reads
    server = self._select_server(read_preference, session, operation)
             ^^^^^^^^^^^^^^^^^^^^^^^^^^^^^^^^^^^^^^^^^^^^^^^^^^^^^^^^
  File "/home/omnissiah/Project/Python/Django/django/lib/python3.12/site-packages/pymongo/synchronous/mongo_client.py", line 1649, in _select_server
    server = topology.select_server(
             ^^^^^^^^^^^^^^^^^^^^^^^
  File "/home/omnissiah/Project/Python/Django/django/lib/python3.12/site-packages/pymongo/synchronous/topology.py", line 398, in select_server
    server = self._select_server(
             ^^^^^^^^^^^^^^^^^^^^
  File "/home/omnissiah/Project/Python/Django/django/lib/python3.12/site-packages/pymongo/synchronous/topology.py", line 376, in _select_server
    servers = self.select_servers(
              ^^^^^^^^^^^^^^^^^^^^
  File "/home/omnissiah/Project/Python/Django/django/lib/python3.12/site-packages/pymongo/synchronous/topology.py", line 283, in select_servers
    server_descriptions = self._select_servers_loop(
                          ^^^^^^^^^^^^^^^^^^^^^^^^^^
  File "/home/omnissiah/Project/Python/Django/django/lib/python3.12/site-packages/pymongo/synchronous/topology.py", line 333, in _select_servers_loop
    raise ServerSelectionTimeoutError(
pymongo.errors.ServerSelectionTimeoutError: 127.0.0.1:27017: [Errno 111] Connection refused (configured timeouts: socketTimeoutMS: 20000.0ms, connectTimeoutMS: 20000.0ms), Timeout: 30s, Topology Description: <TopologyDescription id: 67aca5ec1e6a669240a36293, topology_type: Unknown, servers: [<ServerDescription ('127.0.0.1', 27017) server_type: Unknown, rtt: None, error=AutoReconnect('127.0.0.1:27017: [Errno 111] Connection refused (configured timeouts: socketTimeoutMS: 20000.0ms, connectTimeoutMS: 20000.0ms)')>]>
[12-02-2025 19:15]:[WARNING]:[MONGODB] pymongo.errors.ServerSelectionTimeoutError : 127.0.0.1:27017: [Errno 111] Connection refused (configured timeouts: socketTimeoutMS: 20000.0ms, connectTimeoutMS: 20000.0ms), Timeout: 30s, Topology Description: <TopologyDescription id: 67aca5ec1e6a669240a36295, topology_type: Unknown, servers: [<ServerDescription ('127.0.0.1', 27017) server_type: Unknown, rtt: None, error=AutoReconnect('127.0.0.1:27017: [Errno 111] Connection refused (configured timeouts: socketTimeoutMS: 20000.0ms, connectTimeoutMS: 20000.0ms)')>]> 
  File "/home/omnissiah/Project/nodejs/react/Smart_Data_Management/Smart_Data_Management/Main/models.py", line 161, in connect
    self.connection.server_info()
  File "/home/omnissiah/Project/Python/Django/django/lib/python3.12/site-packages/pymongo/synchronous/mongo_client.py", line 2125, in server_info
    self.admin.command(
  File "/home/omnissiah/Project/Python/Django/django/lib/python3.12/site-packages/pymongo/_csot.py", line 119, in csot_wrapper
    return func(self, *args, **kwargs)
           ^^^^^^^^^^^^^^^^^^^^^^^^^^^
  File "/home/omnissiah/Project/Python/Django/django/lib/python3.12/site-packages/pymongo/synchronous/database.py", line 926, in command
    with self._client._conn_for_reads(read_preference, session, operation=command_name) as (
         ^^^^^^^^^^^^^^^^^^^^^^^^^^^^^^^^^^^^^^^^^^^^^^^^^^^^^^^^^^^^^^^^^^^^^^^^^^^^^^
  File "/home/omnissiah/Project/Python/Django/django/lib/python3.12/site-packages/pymongo/synchronous/mongo_client.py", line 1701, in _conn_for_reads
    server = self._select_server(read_preference, session, operation)
             ^^^^^^^^^^^^^^^^^^^^^^^^^^^^^^^^^^^^^^^^^^^^^^^^^^^^^^^^
  File "/home/omnissiah/Project/Python/Django/django/lib/python3.12/site-packages/pymongo/synchronous/mongo_client.py", line 1649, in _select_server
    server = topology.select_server(
             ^^^^^^^^^^^^^^^^^^^^^^^
  File "/home/omnissiah/Project/Python/Django/django/lib/python3.12/site-packages/pymongo/synchronous/topology.py", line 398, in select_server
    server = self._select_server(
             ^^^^^^^^^^^^^^^^^^^^
  File "/home/omnissiah/Project/Python/Django/django/lib/python3.12/site-packages/pymongo/synchronous/topology.py", line 376, in _select_server
    servers = self.select_servers(
              ^^^^^^^^^^^^^^^^^^^^
  File "/home/omnissiah/Project/Python/Django/django/lib/python3.12/site-packages/pymongo/synchronous/topology.py", line 283, in select_servers
    server_descriptions = self._select_servers_loop(
                          ^^^^^^^^^^^^^^^^^^^^^^^^^^
  File "/home/omnissiah/Project/Python/Django/django/lib/python3.12/site-packages/pymongo/synchronous/topology.py", line 333, in _select_servers_loop
    raise ServerSelectionTimeoutError(
Traceback (most recent call last):
  File "/home/omnissiah/Project/nodejs/react/Smart_Data_Management/Smart_Data_Management/Main/models.py", line 161, in connect
    self.connection.server_info()
  File "/home/omnissiah/Project/Python/Django/django/lib/python3.12/site-packages/pymongo/synchronous/mongo_client.py", line 2125, in server_info
    self.admin.command(
  File "/home/omnissiah/Project/Python/Django/django/lib/python3.12/site-packages/pymongo/_csot.py", line 119, in csot_wrapper
    return func(self, *args, **kwargs)
           ^^^^^^^^^^^^^^^^^^^^^^^^^^^
  File "/home/omnissiah/Project/Python/Django/django/lib/python3.12/site-packages/pymongo/synchronous/database.py", line 926, in command
    with self._client._conn_for_reads(read_preference, session, operation=command_name) as (
         ^^^^^^^^^^^^^^^^^^^^^^^^^^^^^^^^^^^^^^^^^^^^^^^^^^^^^^^^^^^^^^^^^^^^^^^^^^^^^^
  File "/home/omnissiah/Project/Python/Django/django/lib/python3.12/site-packages/pymongo/synchronous/mongo_client.py", line 1701, in _conn_for_reads
    server = self._select_server(read_preference, session, operation)
             ^^^^^^^^^^^^^^^^^^^^^^^^^^^^^^^^^^^^^^^^^^^^^^^^^^^^^^^^
  File "/home/omnissiah/Project/Python/Django/django/lib/python3.12/site-packages/pymongo/synchronous/mongo_client.py", line 1649, in _select_server
    server = topology.select_server(
             ^^^^^^^^^^^^^^^^^^^^^^^
  File "/home/omnissiah/Project/Python/Django/django/lib/python3.12/site-packages/pymongo/synchronous/topology.py", line 398, in select_server
    server = self._select_server(
             ^^^^^^^^^^^^^^^^^^^^
  File "/home/omnissiah/Project/Python/Django/django/lib/python3.12/site-packages/pymongo/synchronous/topology.py", line 376, in _select_server
    servers = self.select_servers(
              ^^^^^^^^^^^^^^^^^^^^
  File "/home/omnissiah/Project/Python/Django/django/lib/python3.12/site-packages/pymongo/synchronous/topology.py", line 283, in select_servers
    server_descriptions = self._select_servers_loop(
                          ^^^^^^^^^^^^^^^^^^^^^^^^^^
  File "/home/omnissiah/Project/Python/Django/django/lib/python3.12/site-packages/pymongo/synchronous/topology.py", line 333, in _select_servers_loop
    raise ServerSelectionTimeoutError(
pymongo.errors.ServerSelectionTimeoutError: 127.0.0.1:27017: [Errno 111] Connection refused (configured timeouts: socketTimeoutMS: 20000.0ms, connectTimeoutMS: 20000.0ms), Timeout: 30s, Topology Description: <TopologyDescription id: 67aca5ec1e6a669240a36295, topology_type: Unknown, servers: [<ServerDescription ('127.0.0.1', 27017) server_type: Unknown, rtt: None, error=AutoReconnect('127.0.0.1:27017: [Errno 111] Connection refused (configured timeouts: socketTimeoutMS: 20000.0ms, connectTimeoutMS: 20000.0ms)')>]>
[12-02-2025 19:15]:[WARNING]:[MONGODB] pymongo.errors.ServerSelectionTimeoutError : 127.0.0.1:27017: [Errno 111] Connection refused (configured timeouts: socketTimeoutMS: 20000.0ms, connectTimeoutMS: 20000.0ms), Timeout: 30s, Topology Description: <TopologyDescription id: 67aca5ec1e6a669240a36295, topology_type: Unknown, servers: [<ServerDescription ('127.0.0.1', 27017) server_type: Unknown, rtt: None, error=AutoReconnect('127.0.0.1:27017: [Errno 111] Connection refused (configured timeouts: socketTimeoutMS: 20000.0ms, connectTimeoutMS: 20000.0ms)')>]> 
  File "/home/omnissiah/Project/nodejs/react/Smart_Data_Management/Smart_Data_Management/Main/models.py", line 161, in connect
    self.connection.server_info()
  File "/home/omnissiah/Project/Python/Django/django/lib/python3.12/site-packages/pymongo/synchronous/mongo_client.py", line 2125, in server_info
    self.admin.command(
  File "/home/omnissiah/Project/Python/Django/django/lib/python3.12/site-packages/pymongo/_csot.py", line 119, in csot_wrapper
    return func(self, *args, **kwargs)
           ^^^^^^^^^^^^^^^^^^^^^^^^^^^
  File "/home/omnissiah/Project/Python/Django/django/lib/python3.12/site-packages/pymongo/synchronous/database.py", line 926, in command
    with self._client._conn_for_reads(read_preference, session, operation=command_name) as (
         ^^^^^^^^^^^^^^^^^^^^^^^^^^^^^^^^^^^^^^^^^^^^^^^^^^^^^^^^^^^^^^^^^^^^^^^^^^^^^^
  File "/home/omnissiah/Project/Python/Django/django/lib/python3.12/site-packages/pymongo/synchronous/mongo_client.py", line 1701, in _conn_for_reads
    server = self._select_server(read_preference, session, operation)
             ^^^^^^^^^^^^^^^^^^^^^^^^^^^^^^^^^^^^^^^^^^^^^^^^^^^^^^^^
  File "/home/omnissiah/Project/Python/Django/django/lib/python3.12/site-packages/pymongo/synchronous/mongo_client.py", line 1649, in _select_server
    server = topology.select_server(
             ^^^^^^^^^^^^^^^^^^^^^^^
  File "/home/omnissiah/Project/Python/Django/django/lib/python3.12/site-packages/pymongo/synchronous/topology.py", line 398, in select_server
    server = self._select_server(
             ^^^^^^^^^^^^^^^^^^^^
  File "/home/omnissiah/Project/Python/Django/django/lib/python3.12/site-packages/pymongo/synchronous/topology.py", line 376, in _select_server
    servers = self.select_servers(
              ^^^^^^^^^^^^^^^^^^^^
  File "/home/omnissiah/Project/Python/Django/django/lib/python3.12/site-packages/pymongo/synchronous/topology.py", line 283, in select_servers
    server_descriptions = self._select_servers_loop(
                          ^^^^^^^^^^^^^^^^^^^^^^^^^^
  File "/home/omnissiah/Project/Python/Django/django/lib/python3.12/site-packages/pymongo/synchronous/topology.py", line 333, in _select_servers_loop
    raise ServerSelectionTimeoutError(
Traceback (most recent call last):
  File "/home/omnissiah/Project/nodejs/react/Smart_Data_Management/Smart_Data_Management/Main/models.py", line 161, in connect
    self.connection.server_info()
  File "/home/omnissiah/Project/Python/Django/django/lib/python3.12/site-packages/pymongo/synchronous/mongo_client.py", line 2125, in server_info
    self.admin.command(
  File "/home/omnissiah/Project/Python/Django/django/lib/python3.12/site-packages/pymongo/_csot.py", line 119, in csot_wrapper
    return func(self, *args, **kwargs)
           ^^^^^^^^^^^^^^^^^^^^^^^^^^^
  File "/home/omnissiah/Project/Python/Django/django/lib/python3.12/site-packages/pymongo/synchronous/database.py", line 926, in command
    with self._client._conn_for_reads(read_preference, session, operation=command_name) as (
         ^^^^^^^^^^^^^^^^^^^^^^^^^^^^^^^^^^^^^^^^^^^^^^^^^^^^^^^^^^^^^^^^^^^^^^^^^^^^^^
  File "/home/omnissiah/Project/Python/Django/django/lib/python3.12/site-packages/pymongo/synchronous/mongo_client.py", line 1701, in _conn_for_reads
    server = self._select_server(read_preference, session, operation)
             ^^^^^^^^^^^^^^^^^^^^^^^^^^^^^^^^^^^^^^^^^^^^^^^^^^^^^^^^
  File "/home/omnissiah/Project/Python/Django/django/lib/python3.12/site-packages/pymongo/synchronous/mongo_client.py", line 1649, in _select_server
    server = topology.select_server(
             ^^^^^^^^^^^^^^^^^^^^^^^
  File "/home/omnissiah/Project/Python/Django/django/lib/python3.12/site-packages/pymongo/synchronous/topology.py", line 398, in select_server
    server = self._select_server(
             ^^^^^^^^^^^^^^^^^^^^
  File "/home/omnissiah/Project/Python/Django/django/lib/python3.12/site-packages/pymongo/synchronous/topology.py", line 376, in _select_server
    servers = self.select_servers(
              ^^^^^^^^^^^^^^^^^^^^
  File "/home/omnissiah/Project/Python/Django/django/lib/python3.12/site-packages/pymongo/synchronous/topology.py", line 283, in select_servers
    server_descriptions = self._select_servers_loop(
                          ^^^^^^^^^^^^^^^^^^^^^^^^^^
  File "/home/omnissiah/Project/Python/Django/django/lib/python3.12/site-packages/pymongo/synchronous/topology.py", line 333, in _select_servers_loop
    raise ServerSelectionTimeoutError(
pymongo.errors.ServerSelectionTimeoutError: 127.0.0.1:27017: [Errno 111] Connection refused (configured timeouts: socketTimeoutMS: 20000.0ms, connectTimeoutMS: 20000.0ms), Timeout: 30s, Topology Description: <TopologyDescription id: 67aca5ec1e6a669240a36295, topology_type: Unknown, servers: [<ServerDescription ('127.0.0.1', 27017) server_type: Unknown, rtt: None, error=AutoReconnect('127.0.0.1:27017: [Errno 111] Connection refused (configured timeouts: socketTimeoutMS: 20000.0ms, connectTimeoutMS: 20000.0ms)')>]>
[12-02-2025 19:15]:[WARNING]:[MONGODB] pymongo.errors.ServerSelectionTimeoutError : 127.0.0.1:27017: [Errno 111] Connection refused (configured timeouts: socketTimeoutMS: 20000.0ms, connectTimeoutMS: 20000.0ms), Timeout: 30s, Topology Description: <TopologyDescription id: 67aca5ec1e6a669240a36295, topology_type: Unknown, servers: [<ServerDescription ('127.0.0.1', 27017) server_type: Unknown, rtt: None, error=AutoReconnect('127.0.0.1:27017: [Errno 111] Connection refused (configured timeouts: socketTimeoutMS: 20000.0ms, connectTimeoutMS: 20000.0ms)')>]> 
  File "/home/omnissiah/Project/nodejs/react/Smart_Data_Management/Smart_Data_Management/Main/models.py", line 161, in connect
    self.connection.server_info()
  File "/home/omnissiah/Project/Python/Django/django/lib/python3.12/site-packages/pymongo/synchronous/mongo_client.py", line 2125, in server_info
    self.admin.command(
  File "/home/omnissiah/Project/Python/Django/django/lib/python3.12/site-packages/pymongo/_csot.py", line 119, in csot_wrapper
    return func(self, *args, **kwargs)
           ^^^^^^^^^^^^^^^^^^^^^^^^^^^
  File "/home/omnissiah/Project/Python/Django/django/lib/python3.12/site-packages/pymongo/synchronous/database.py", line 926, in command
    with self._client._conn_for_reads(read_preference, session, operation=command_name) as (
         ^^^^^^^^^^^^^^^^^^^^^^^^^^^^^^^^^^^^^^^^^^^^^^^^^^^^^^^^^^^^^^^^^^^^^^^^^^^^^^
  File "/home/omnissiah/Project/Python/Django/django/lib/python3.12/site-packages/pymongo/synchronous/mongo_client.py", line 1701, in _conn_for_reads
    server = self._select_server(read_preference, session, operation)
             ^^^^^^^^^^^^^^^^^^^^^^^^^^^^^^^^^^^^^^^^^^^^^^^^^^^^^^^^
  File "/home/omnissiah/Project/Python/Django/django/lib/python3.12/site-packages/pymongo/synchronous/mongo_client.py", line 1649, in _select_server
    server = topology.select_server(
             ^^^^^^^^^^^^^^^^^^^^^^^
  File "/home/omnissiah/Project/Python/Django/django/lib/python3.12/site-packages/pymongo/synchronous/topology.py", line 398, in select_server
    server = self._select_server(
             ^^^^^^^^^^^^^^^^^^^^
  File "/home/omnissiah/Project/Python/Django/django/lib/python3.12/site-packages/pymongo/synchronous/topology.py", line 376, in _select_server
    servers = self.select_servers(
              ^^^^^^^^^^^^^^^^^^^^
  File "/home/omnissiah/Project/Python/Django/django/lib/python3.12/site-packages/pymongo/synchronous/topology.py", line 283, in select_servers
    server_descriptions = self._select_servers_loop(
                          ^^^^^^^^^^^^^^^^^^^^^^^^^^
  File "/home/omnissiah/Project/Python/Django/django/lib/python3.12/site-packages/pymongo/synchronous/topology.py", line 333, in _select_servers_loop
    raise ServerSelectionTimeoutError(
Traceback (most recent call last):
  File "/home/omnissiah/Project/nodejs/react/Smart_Data_Management/Smart_Data_Management/Main/models.py", line 161, in connect
    self.connection.server_info()
  File "/home/omnissiah/Project/Python/Django/django/lib/python3.12/site-packages/pymongo/synchronous/mongo_client.py", line 2125, in server_info
    self.admin.command(
  File "/home/omnissiah/Project/Python/Django/django/lib/python3.12/site-packages/pymongo/_csot.py", line 119, in csot_wrapper
    return func(self, *args, **kwargs)
           ^^^^^^^^^^^^^^^^^^^^^^^^^^^
  File "/home/omnissiah/Project/Python/Django/django/lib/python3.12/site-packages/pymongo/synchronous/database.py", line 926, in command
    with self._client._conn_for_reads(read_preference, session, operation=command_name) as (
         ^^^^^^^^^^^^^^^^^^^^^^^^^^^^^^^^^^^^^^^^^^^^^^^^^^^^^^^^^^^^^^^^^^^^^^^^^^^^^^
  File "/home/omnissiah/Project/Python/Django/django/lib/python3.12/site-packages/pymongo/synchronous/mongo_client.py", line 1701, in _conn_for_reads
    server = self._select_server(read_preference, session, operation)
             ^^^^^^^^^^^^^^^^^^^^^^^^^^^^^^^^^^^^^^^^^^^^^^^^^^^^^^^^
  File "/home/omnissiah/Project/Python/Django/django/lib/python3.12/site-packages/pymongo/synchronous/mongo_client.py", line 1649, in _select_server
    server = topology.select_server(
             ^^^^^^^^^^^^^^^^^^^^^^^
  File "/home/omnissiah/Project/Python/Django/django/lib/python3.12/site-packages/pymongo/synchronous/topology.py", line 398, in select_server
    server = self._select_server(
             ^^^^^^^^^^^^^^^^^^^^
  File "/home/omnissiah/Project/Python/Django/django/lib/python3.12/site-packages/pymongo/synchronous/topology.py", line 376, in _select_server
    servers = self.select_servers(
              ^^^^^^^^^^^^^^^^^^^^
  File "/home/omnissiah/Project/Python/Django/django/lib/python3.12/site-packages/pymongo/synchronous/topology.py", line 283, in select_servers
    server_descriptions = self._select_servers_loop(
                          ^^^^^^^^^^^^^^^^^^^^^^^^^^
  File "/home/omnissiah/Project/Python/Django/django/lib/python3.12/site-packages/pymongo/synchronous/topology.py", line 333, in _select_servers_loop
    raise ServerSelectionTimeoutError(
pymongo.errors.ServerSelectionTimeoutError: 127.0.0.1:27017: [Errno 111] Connection refused (configured timeouts: socketTimeoutMS: 20000.0ms, connectTimeoutMS: 20000.0ms), Timeout: 30s, Topology Description: <TopologyDescription id: 67aca5ec1e6a669240a36295, topology_type: Unknown, servers: [<ServerDescription ('127.0.0.1', 27017) server_type: Unknown, rtt: None, error=AutoReconnect('127.0.0.1:27017: [Errno 111] Connection refused (configured timeouts: socketTimeoutMS: 20000.0ms, connectTimeoutMS: 20000.0ms)')>]>
[12-02-2025 19:15]:[WARNING]:[MONGODB] pymongo.errors.ServerSelectionTimeoutError : 127.0.0.1:27017: [Errno 111] Connection refused (configured timeouts: socketTimeoutMS: 20000.0ms, connectTimeoutMS: 20000.0ms), Timeout: 30s, Topology Description: <TopologyDescription id: 67aca5ec1e6a669240a36295, topology_type: Unknown, servers: [<ServerDescription ('127.0.0.1', 27017) server_type: Unknown, rtt: None, error=AutoReconnect('127.0.0.1:27017: [Errno 111] Connection refused (configured timeouts: socketTimeoutMS: 20000.0ms, connectTimeoutMS: 20000.0ms)')>]> 
  File "/home/omnissiah/Project/nodejs/react/Smart_Data_Management/Smart_Data_Management/Main/models.py", line 161, in connect
    self.connection.server_info()
  File "/home/omnissiah/Project/Python/Django/django/lib/python3.12/site-packages/pymongo/synchronous/mongo_client.py", line 2125, in server_info
    self.admin.command(
  File "/home/omnissiah/Project/Python/Django/django/lib/python3.12/site-packages/pymongo/_csot.py", line 119, in csot_wrapper
    return func(self, *args, **kwargs)
           ^^^^^^^^^^^^^^^^^^^^^^^^^^^
  File "/home/omnissiah/Project/Python/Django/django/lib/python3.12/site-packages/pymongo/synchronous/database.py", line 926, in command
    with self._client._conn_for_reads(read_preference, session, operation=command_name) as (
         ^^^^^^^^^^^^^^^^^^^^^^^^^^^^^^^^^^^^^^^^^^^^^^^^^^^^^^^^^^^^^^^^^^^^^^^^^^^^^^
  File "/home/omnissiah/Project/Python/Django/django/lib/python3.12/site-packages/pymongo/synchronous/mongo_client.py", line 1701, in _conn_for_reads
    server = self._select_server(read_preference, session, operation)
             ^^^^^^^^^^^^^^^^^^^^^^^^^^^^^^^^^^^^^^^^^^^^^^^^^^^^^^^^
  File "/home/omnissiah/Project/Python/Django/django/lib/python3.12/site-packages/pymongo/synchronous/mongo_client.py", line 1649, in _select_server
    server = topology.select_server(
             ^^^^^^^^^^^^^^^^^^^^^^^
  File "/home/omnissiah/Project/Python/Django/django/lib/python3.12/site-packages/pymongo/synchronous/topology.py", line 398, in select_server
    server = self._select_server(
             ^^^^^^^^^^^^^^^^^^^^
  File "/home/omnissiah/Project/Python/Django/django/lib/python3.12/site-packages/pymongo/synchronous/topology.py", line 376, in _select_server
    servers = self.select_servers(
              ^^^^^^^^^^^^^^^^^^^^
  File "/home/omnissiah/Project/Python/Django/django/lib/python3.12/site-packages/pymongo/synchronous/topology.py", line 283, in select_servers
    server_descriptions = self._select_servers_loop(
                          ^^^^^^^^^^^^^^^^^^^^^^^^^^
  File "/home/omnissiah/Project/Python/Django/django/lib/python3.12/site-packages/pymongo/synchronous/topology.py", line 333, in _select_servers_loop
    raise ServerSelectionTimeoutError(
Traceback (most recent call last):
  File "/home/omnissiah/Project/nodejs/react/Smart_Data_Management/Smart_Data_Management/Main/models.py", line 161, in connect
    self.connection.server_info()
  File "/home/omnissiah/Project/Python/Django/django/lib/python3.12/site-packages/pymongo/synchronous/mongo_client.py", line 2125, in server_info
    self.admin.command(
  File "/home/omnissiah/Project/Python/Django/django/lib/python3.12/site-packages/pymongo/_csot.py", line 119, in csot_wrapper
    return func(self, *args, **kwargs)
           ^^^^^^^^^^^^^^^^^^^^^^^^^^^
  File "/home/omnissiah/Project/Python/Django/django/lib/python3.12/site-packages/pymongo/synchronous/database.py", line 926, in command
    with self._client._conn_for_reads(read_preference, session, operation=command_name) as (
         ^^^^^^^^^^^^^^^^^^^^^^^^^^^^^^^^^^^^^^^^^^^^^^^^^^^^^^^^^^^^^^^^^^^^^^^^^^^^^^
  File "/home/omnissiah/Project/Python/Django/django/lib/python3.12/site-packages/pymongo/synchronous/mongo_client.py", line 1701, in _conn_for_reads
    server = self._select_server(read_preference, session, operation)
             ^^^^^^^^^^^^^^^^^^^^^^^^^^^^^^^^^^^^^^^^^^^^^^^^^^^^^^^^
  File "/home/omnissiah/Project/Python/Django/django/lib/python3.12/site-packages/pymongo/synchronous/mongo_client.py", line 1649, in _select_server
    server = topology.select_server(
             ^^^^^^^^^^^^^^^^^^^^^^^
  File "/home/omnissiah/Project/Python/Django/django/lib/python3.12/site-packages/pymongo/synchronous/topology.py", line 398, in select_server
    server = self._select_server(
             ^^^^^^^^^^^^^^^^^^^^
  File "/home/omnissiah/Project/Python/Django/django/lib/python3.12/site-packages/pymongo/synchronous/topology.py", line 376, in _select_server
    servers = self.select_servers(
              ^^^^^^^^^^^^^^^^^^^^
  File "/home/omnissiah/Project/Python/Django/django/lib/python3.12/site-packages/pymongo/synchronous/topology.py", line 283, in select_servers
    server_descriptions = self._select_servers_loop(
                          ^^^^^^^^^^^^^^^^^^^^^^^^^^
  File "/home/omnissiah/Project/Python/Django/django/lib/python3.12/site-packages/pymongo/synchronous/topology.py", line 333, in _select_servers_loop
    raise ServerSelectionTimeoutError(
pymongo.errors.ServerSelectionTimeoutError: 127.0.0.1:27017: [Errno 111] Connection refused (configured timeouts: socketTimeoutMS: 20000.0ms, connectTimeoutMS: 20000.0ms), Timeout: 30s, Topology Description: <TopologyDescription id: 67aca5ec1e6a669240a36295, topology_type: Unknown, servers: [<ServerDescription ('127.0.0.1', 27017) server_type: Unknown, rtt: None, error=AutoReconnect('127.0.0.1:27017: [Errno 111] Connection refused (configured timeouts: socketTimeoutMS: 20000.0ms, connectTimeoutMS: 20000.0ms)')>]>
[12-02-2025 19:15]:[WARNING]:[MONGODB] pymongo.errors.ServerSelectionTimeoutError : 127.0.0.1:27017: [Errno 111] Connection refused (configured timeouts: socketTimeoutMS: 20000.0ms, connectTimeoutMS: 20000.0ms), Timeout: 30s, Topology Description: <TopologyDescription id: 67aca5ec1e6a669240a36294, topology_type: Unknown, servers: [<ServerDescription ('127.0.0.1', 27017) server_type: Unknown, rtt: None, error=AutoReconnect('127.0.0.1:27017: [Errno 111] Connection refused (configured timeouts: socketTimeoutMS: 20000.0ms, connectTimeoutMS: 20000.0ms)')>]> 
  File "/home/omnissiah/Project/nodejs/react/Smart_Data_Management/Smart_Data_Management/Main/models.py", line 161, in connect
    self.connection.server_info()
  File "/home/omnissiah/Project/Python/Django/django/lib/python3.12/site-packages/pymongo/synchronous/mongo_client.py", line 2125, in server_info
    self.admin.command(
  File "/home/omnissiah/Project/Python/Django/django/lib/python3.12/site-packages/pymongo/_csot.py", line 119, in csot_wrapper
    return func(self, *args, **kwargs)
           ^^^^^^^^^^^^^^^^^^^^^^^^^^^
  File "/home/omnissiah/Project/Python/Django/django/lib/python3.12/site-packages/pymongo/synchronous/database.py", line 926, in command
    with self._client._conn_for_reads(read_preference, session, operation=command_name) as (
         ^^^^^^^^^^^^^^^^^^^^^^^^^^^^^^^^^^^^^^^^^^^^^^^^^^^^^^^^^^^^^^^^^^^^^^^^^^^^^^
  File "/home/omnissiah/Project/Python/Django/django/lib/python3.12/site-packages/pymongo/synchronous/mongo_client.py", line 1701, in _conn_for_reads
    server = self._select_server(read_preference, session, operation)
             ^^^^^^^^^^^^^^^^^^^^^^^^^^^^^^^^^^^^^^^^^^^^^^^^^^^^^^^^
  File "/home/omnissiah/Project/Python/Django/django/lib/python3.12/site-packages/pymongo/synchronous/mongo_client.py", line 1649, in _select_server
    server = topology.select_server(
             ^^^^^^^^^^^^^^^^^^^^^^^
  File "/home/omnissiah/Project/Python/Django/django/lib/python3.12/site-packages/pymongo/synchronous/topology.py", line 398, in select_server
    server = self._select_server(
             ^^^^^^^^^^^^^^^^^^^^
  File "/home/omnissiah/Project/Python/Django/django/lib/python3.12/site-packages/pymongo/synchronous/topology.py", line 376, in _select_server
    servers = self.select_servers(
              ^^^^^^^^^^^^^^^^^^^^
  File "/home/omnissiah/Project/Python/Django/django/lib/python3.12/site-packages/pymongo/synchronous/topology.py", line 283, in select_servers
    server_descriptions = self._select_servers_loop(
                          ^^^^^^^^^^^^^^^^^^^^^^^^^^
  File "/home/omnissiah/Project/Python/Django/django/lib/python3.12/site-packages/pymongo/synchronous/topology.py", line 333, in _select_servers_loop
    raise ServerSelectionTimeoutError(
Traceback (most recent call last):
  File "/home/omnissiah/Project/nodejs/react/Smart_Data_Management/Smart_Data_Management/Main/models.py", line 161, in connect
    self.connection.server_info()
  File "/home/omnissiah/Project/Python/Django/django/lib/python3.12/site-packages/pymongo/synchronous/mongo_client.py", line 2125, in server_info
    self.admin.command(
  File "/home/omnissiah/Project/Python/Django/django/lib/python3.12/site-packages/pymongo/_csot.py", line 119, in csot_wrapper
    return func(self, *args, **kwargs)
           ^^^^^^^^^^^^^^^^^^^^^^^^^^^
  File "/home/omnissiah/Project/Python/Django/django/lib/python3.12/site-packages/pymongo/synchronous/database.py", line 926, in command
    with self._client._conn_for_reads(read_preference, session, operation=command_name) as (
         ^^^^^^^^^^^^^^^^^^^^^^^^^^^^^^^^^^^^^^^^^^^^^^^^^^^^^^^^^^^^^^^^^^^^^^^^^^^^^^
  File "/home/omnissiah/Project/Python/Django/django/lib/python3.12/site-packages/pymongo/synchronous/mongo_client.py", line 1701, in _conn_for_reads
    server = self._select_server(read_preference, session, operation)
             ^^^^^^^^^^^^^^^^^^^^^^^^^^^^^^^^^^^^^^^^^^^^^^^^^^^^^^^^
  File "/home/omnissiah/Project/Python/Django/django/lib/python3.12/site-packages/pymongo/synchronous/mongo_client.py", line 1649, in _select_server
    server = topology.select_server(
             ^^^^^^^^^^^^^^^^^^^^^^^
  File "/home/omnissiah/Project/Python/Django/django/lib/python3.12/site-packages/pymongo/synchronous/topology.py", line 398, in select_server
    server = self._select_server(
             ^^^^^^^^^^^^^^^^^^^^
  File "/home/omnissiah/Project/Python/Django/django/lib/python3.12/site-packages/pymongo/synchronous/topology.py", line 376, in _select_server
    servers = self.select_servers(
              ^^^^^^^^^^^^^^^^^^^^
  File "/home/omnissiah/Project/Python/Django/django/lib/python3.12/site-packages/pymongo/synchronous/topology.py", line 283, in select_servers
    server_descriptions = self._select_servers_loop(
                          ^^^^^^^^^^^^^^^^^^^^^^^^^^
  File "/home/omnissiah/Project/Python/Django/django/lib/python3.12/site-packages/pymongo/synchronous/topology.py", line 333, in _select_servers_loop
    raise ServerSelectionTimeoutError(
pymongo.errors.ServerSelectionTimeoutError: 127.0.0.1:27017: [Errno 111] Connection refused (configured timeouts: socketTimeoutMS: 20000.0ms, connectTimeoutMS: 20000.0ms), Timeout: 30s, Topology Description: <TopologyDescription id: 67aca5ec1e6a669240a36294, topology_type: Unknown, servers: [<ServerDescription ('127.0.0.1', 27017) server_type: Unknown, rtt: None, error=AutoReconnect('127.0.0.1:27017: [Errno 111] Connection refused (configured timeouts: socketTimeoutMS: 20000.0ms, connectTimeoutMS: 20000.0ms)')>]>
[12-02-2025 19:15]:[WARNING]:[MONGODB] pymongo.errors.ServerSelectionTimeoutError : 127.0.0.1:27017: [Errno 111] Connection refused (configured timeouts: socketTimeoutMS: 20000.0ms, connectTimeoutMS: 20000.0ms), Timeout: 30s, Topology Description: <TopologyDescription id: 67aca5ec1e6a669240a36294, topology_type: Unknown, servers: [<ServerDescription ('127.0.0.1', 27017) server_type: Unknown, rtt: None, error=AutoReconnect('127.0.0.1:27017: [Errno 111] Connection refused (configured timeouts: socketTimeoutMS: 20000.0ms, connectTimeoutMS: 20000.0ms)')>]> 
  File "/home/omnissiah/Project/nodejs/react/Smart_Data_Management/Smart_Data_Management/Main/models.py", line 161, in connect
    self.connection.server_info()
  File "/home/omnissiah/Project/Python/Django/django/lib/python3.12/site-packages/pymongo/synchronous/mongo_client.py", line 2125, in server_info
    self.admin.command(
  File "/home/omnissiah/Project/Python/Django/django/lib/python3.12/site-packages/pymongo/_csot.py", line 119, in csot_wrapper
    return func(self, *args, **kwargs)
           ^^^^^^^^^^^^^^^^^^^^^^^^^^^
  File "/home/omnissiah/Project/Python/Django/django/lib/python3.12/site-packages/pymongo/synchronous/database.py", line 926, in command
    with self._client._conn_for_reads(read_preference, session, operation=command_name) as (
         ^^^^^^^^^^^^^^^^^^^^^^^^^^^^^^^^^^^^^^^^^^^^^^^^^^^^^^^^^^^^^^^^^^^^^^^^^^^^^^
  File "/home/omnissiah/Project/Python/Django/django/lib/python3.12/site-packages/pymongo/synchronous/mongo_client.py", line 1701, in _conn_for_reads
    server = self._select_server(read_preference, session, operation)
             ^^^^^^^^^^^^^^^^^^^^^^^^^^^^^^^^^^^^^^^^^^^^^^^^^^^^^^^^
  File "/home/omnissiah/Project/Python/Django/django/lib/python3.12/site-packages/pymongo/synchronous/mongo_client.py", line 1649, in _select_server
    server = topology.select_server(
             ^^^^^^^^^^^^^^^^^^^^^^^
  File "/home/omnissiah/Project/Python/Django/django/lib/python3.12/site-packages/pymongo/synchronous/topology.py", line 398, in select_server
    server = self._select_server(
             ^^^^^^^^^^^^^^^^^^^^
  File "/home/omnissiah/Project/Python/Django/django/lib/python3.12/site-packages/pymongo/synchronous/topology.py", line 376, in _select_server
    servers = self.select_servers(
              ^^^^^^^^^^^^^^^^^^^^
  File "/home/omnissiah/Project/Python/Django/django/lib/python3.12/site-packages/pymongo/synchronous/topology.py", line 283, in select_servers
    server_descriptions = self._select_servers_loop(
                          ^^^^^^^^^^^^^^^^^^^^^^^^^^
  File "/home/omnissiah/Project/Python/Django/django/lib/python3.12/site-packages/pymongo/synchronous/topology.py", line 333, in _select_servers_loop
    raise ServerSelectionTimeoutError(
Traceback (most recent call last):
  File "/home/omnissiah/Project/nodejs/react/Smart_Data_Management/Smart_Data_Management/Main/models.py", line 161, in connect
    self.connection.server_info()
  File "/home/omnissiah/Project/Python/Django/django/lib/python3.12/site-packages/pymongo/synchronous/mongo_client.py", line 2125, in server_info
    self.admin.command(
  File "/home/omnissiah/Project/Python/Django/django/lib/python3.12/site-packages/pymongo/_csot.py", line 119, in csot_wrapper
    return func(self, *args, **kwargs)
           ^^^^^^^^^^^^^^^^^^^^^^^^^^^
  File "/home/omnissiah/Project/Python/Django/django/lib/python3.12/site-packages/pymongo/synchronous/database.py", line 926, in command
    with self._client._conn_for_reads(read_preference, session, operation=command_name) as (
         ^^^^^^^^^^^^^^^^^^^^^^^^^^^^^^^^^^^^^^^^^^^^^^^^^^^^^^^^^^^^^^^^^^^^^^^^^^^^^^
  File "/home/omnissiah/Project/Python/Django/django/lib/python3.12/site-packages/pymongo/synchronous/mongo_client.py", line 1701, in _conn_for_reads
    server = self._select_server(read_preference, session, operation)
             ^^^^^^^^^^^^^^^^^^^^^^^^^^^^^^^^^^^^^^^^^^^^^^^^^^^^^^^^
  File "/home/omnissiah/Project/Python/Django/django/lib/python3.12/site-packages/pymongo/synchronous/mongo_client.py", line 1649, in _select_server
    server = topology.select_server(
             ^^^^^^^^^^^^^^^^^^^^^^^
  File "/home/omnissiah/Project/Python/Django/django/lib/python3.12/site-packages/pymongo/synchronous/topology.py", line 398, in select_server
    server = self._select_server(
             ^^^^^^^^^^^^^^^^^^^^
  File "/home/omnissiah/Project/Python/Django/django/lib/python3.12/site-packages/pymongo/synchronous/topology.py", line 376, in _select_server
    servers = self.select_servers(
              ^^^^^^^^^^^^^^^^^^^^
  File "/home/omnissiah/Project/Python/Django/django/lib/python3.12/site-packages/pymongo/synchronous/topology.py", line 283, in select_servers
    server_descriptions = self._select_servers_loop(
                          ^^^^^^^^^^^^^^^^^^^^^^^^^^
  File "/home/omnissiah/Project/Python/Django/django/lib/python3.12/site-packages/pymongo/synchronous/topology.py", line 333, in _select_servers_loop
    raise ServerSelectionTimeoutError(
pymongo.errors.ServerSelectionTimeoutError: 127.0.0.1:27017: [Errno 111] Connection refused (configured timeouts: socketTimeoutMS: 20000.0ms, connectTimeoutMS: 20000.0ms), Timeout: 30s, Topology Description: <TopologyDescription id: 67aca5ec1e6a669240a36294, topology_type: Unknown, servers: [<ServerDescription ('127.0.0.1', 27017) server_type: Unknown, rtt: None, error=AutoReconnect('127.0.0.1:27017: [Errno 111] Connection refused (configured timeouts: socketTimeoutMS: 20000.0ms, connectTimeoutMS: 20000.0ms)')>]>
[12-02-2025 19:15]:[WARNING]:[MONGODB] pymongo.errors.ServerSelectionTimeoutError : 127.0.0.1:27017: [Errno 111] Connection refused (configured timeouts: socketTimeoutMS: 20000.0ms, connectTimeoutMS: 20000.0ms), Timeout: 30s, Topology Description: <TopologyDescription id: 67aca5ec1e6a669240a36294, topology_type: Unknown, servers: [<ServerDescription ('127.0.0.1', 27017) server_type: Unknown, rtt: None, error=AutoReconnect('127.0.0.1:27017: [Errno 111] Connection refused (configured timeouts: socketTimeoutMS: 20000.0ms, connectTimeoutMS: 20000.0ms)')>]> 
  File "/home/omnissiah/Project/nodejs/react/Smart_Data_Management/Smart_Data_Management/Main/models.py", line 161, in connect
    self.connection.server_info()
  File "/home/omnissiah/Project/Python/Django/django/lib/python3.12/site-packages/pymongo/synchronous/mongo_client.py", line 2125, in server_info
    self.admin.command(
  File "/home/omnissiah/Project/Python/Django/django/lib/python3.12/site-packages/pymongo/_csot.py", line 119, in csot_wrapper
    return func(self, *args, **kwargs)
           ^^^^^^^^^^^^^^^^^^^^^^^^^^^
  File "/home/omnissiah/Project/Python/Django/django/lib/python3.12/site-packages/pymongo/synchronous/database.py", line 926, in command
    with self._client._conn_for_reads(read_preference, session, operation=command_name) as (
         ^^^^^^^^^^^^^^^^^^^^^^^^^^^^^^^^^^^^^^^^^^^^^^^^^^^^^^^^^^^^^^^^^^^^^^^^^^^^^^
  File "/home/omnissiah/Project/Python/Django/django/lib/python3.12/site-packages/pymongo/synchronous/mongo_client.py", line 1701, in _conn_for_reads
    server = self._select_server(read_preference, session, operation)
             ^^^^^^^^^^^^^^^^^^^^^^^^^^^^^^^^^^^^^^^^^^^^^^^^^^^^^^^^
  File "/home/omnissiah/Project/Python/Django/django/lib/python3.12/site-packages/pymongo/synchronous/mongo_client.py", line 1649, in _select_server
    server = topology.select_server(
             ^^^^^^^^^^^^^^^^^^^^^^^
  File "/home/omnissiah/Project/Python/Django/django/lib/python3.12/site-packages/pymongo/synchronous/topology.py", line 398, in select_server
    server = self._select_server(
             ^^^^^^^^^^^^^^^^^^^^
  File "/home/omnissiah/Project/Python/Django/django/lib/python3.12/site-packages/pymongo/synchronous/topology.py", line 376, in _select_server
    servers = self.select_servers(
              ^^^^^^^^^^^^^^^^^^^^
  File "/home/omnissiah/Project/Python/Django/django/lib/python3.12/site-packages/pymongo/synchronous/topology.py", line 283, in select_servers
    server_descriptions = self._select_servers_loop(
                          ^^^^^^^^^^^^^^^^^^^^^^^^^^
  File "/home/omnissiah/Project/Python/Django/django/lib/python3.12/site-packages/pymongo/synchronous/topology.py", line 333, in _select_servers_loop
    raise ServerSelectionTimeoutError(
Traceback (most recent call last):
  File "/home/omnissiah/Project/nodejs/react/Smart_Data_Management/Smart_Data_Management/Main/models.py", line 161, in connect
    self.connection.server_info()
  File "/home/omnissiah/Project/Python/Django/django/lib/python3.12/site-packages/pymongo/synchronous/mongo_client.py", line 2125, in server_info
    self.admin.command(
  File "/home/omnissiah/Project/Python/Django/django/lib/python3.12/site-packages/pymongo/_csot.py", line 119, in csot_wrapper
    return func(self, *args, **kwargs)
           ^^^^^^^^^^^^^^^^^^^^^^^^^^^
  File "/home/omnissiah/Project/Python/Django/django/lib/python3.12/site-packages/pymongo/synchronous/database.py", line 926, in command
    with self._client._conn_for_reads(read_preference, session, operation=command_name) as (
         ^^^^^^^^^^^^^^^^^^^^^^^^^^^^^^^^^^^^^^^^^^^^^^^^^^^^^^^^^^^^^^^^^^^^^^^^^^^^^^
  File "/home/omnissiah/Project/Python/Django/django/lib/python3.12/site-packages/pymongo/synchronous/mongo_client.py", line 1701, in _conn_for_reads
    server = self._select_server(read_preference, session, operation)
             ^^^^^^^^^^^^^^^^^^^^^^^^^^^^^^^^^^^^^^^^^^^^^^^^^^^^^^^^
  File "/home/omnissiah/Project/Python/Django/django/lib/python3.12/site-packages/pymongo/synchronous/mongo_client.py", line 1649, in _select_server
    server = topology.select_server(
             ^^^^^^^^^^^^^^^^^^^^^^^
  File "/home/omnissiah/Project/Python/Django/django/lib/python3.12/site-packages/pymongo/synchronous/topology.py", line 398, in select_server
    server = self._select_server(
             ^^^^^^^^^^^^^^^^^^^^
  File "/home/omnissiah/Project/Python/Django/django/lib/python3.12/site-packages/pymongo/synchronous/topology.py", line 376, in _select_server
    servers = self.select_servers(
              ^^^^^^^^^^^^^^^^^^^^
  File "/home/omnissiah/Project/Python/Django/django/lib/python3.12/site-packages/pymongo/synchronous/topology.py", line 283, in select_servers
    server_descriptions = self._select_servers_loop(
                          ^^^^^^^^^^^^^^^^^^^^^^^^^^
  File "/home/omnissiah/Project/Python/Django/django/lib/python3.12/site-packages/pymongo/synchronous/topology.py", line 333, in _select_servers_loop
    raise ServerSelectionTimeoutError(
pymongo.errors.ServerSelectionTimeoutError: 127.0.0.1:27017: [Errno 111] Connection refused (configured timeouts: socketTimeoutMS: 20000.0ms, connectTimeoutMS: 20000.0ms), Timeout: 30s, Topology Description: <TopologyDescription id: 67aca5ec1e6a669240a36294, topology_type: Unknown, servers: [<ServerDescription ('127.0.0.1', 27017) server_type: Unknown, rtt: None, error=AutoReconnect('127.0.0.1:27017: [Errno 111] Connection refused (configured timeouts: socketTimeoutMS: 20000.0ms, connectTimeoutMS: 20000.0ms)')>]>
[12-02-2025 19:15]:[WARNING]:[MONGODB] pymongo.errors.ServerSelectionTimeoutError : 127.0.0.1:27017: [Errno 111] Connection refused (configured timeouts: socketTimeoutMS: 20000.0ms, connectTimeoutMS: 20000.0ms), Timeout: 30s, Topology Description: <TopologyDescription id: 67aca5ec1e6a669240a36294, topology_type: Unknown, servers: [<ServerDescription ('127.0.0.1', 27017) server_type: Unknown, rtt: None, error=AutoReconnect('127.0.0.1:27017: [Errno 111] Connection refused (configured timeouts: socketTimeoutMS: 20000.0ms, connectTimeoutMS: 20000.0ms)')>]> 
  File "/home/omnissiah/Project/nodejs/react/Smart_Data_Management/Smart_Data_Management/Main/models.py", line 161, in connect
    self.connection.server_info()
  File "/home/omnissiah/Project/Python/Django/django/lib/python3.12/site-packages/pymongo/synchronous/mongo_client.py", line 2125, in server_info
    self.admin.command(
  File "/home/omnissiah/Project/Python/Django/django/lib/python3.12/site-packages/pymongo/_csot.py", line 119, in csot_wrapper
    return func(self, *args, **kwargs)
           ^^^^^^^^^^^^^^^^^^^^^^^^^^^
  File "/home/omnissiah/Project/Python/Django/django/lib/python3.12/site-packages/pymongo/synchronous/database.py", line 926, in command
    with self._client._conn_for_reads(read_preference, session, operation=command_name) as (
         ^^^^^^^^^^^^^^^^^^^^^^^^^^^^^^^^^^^^^^^^^^^^^^^^^^^^^^^^^^^^^^^^^^^^^^^^^^^^^^
  File "/home/omnissiah/Project/Python/Django/django/lib/python3.12/site-packages/pymongo/synchronous/mongo_client.py", line 1701, in _conn_for_reads
    server = self._select_server(read_preference, session, operation)
             ^^^^^^^^^^^^^^^^^^^^^^^^^^^^^^^^^^^^^^^^^^^^^^^^^^^^^^^^
  File "/home/omnissiah/Project/Python/Django/django/lib/python3.12/site-packages/pymongo/synchronous/mongo_client.py", line 1649, in _select_server
    server = topology.select_server(
             ^^^^^^^^^^^^^^^^^^^^^^^
  File "/home/omnissiah/Project/Python/Django/django/lib/python3.12/site-packages/pymongo/synchronous/topology.py", line 398, in select_server
    server = self._select_server(
             ^^^^^^^^^^^^^^^^^^^^
  File "/home/omnissiah/Project/Python/Django/django/lib/python3.12/site-packages/pymongo/synchronous/topology.py", line 376, in _select_server
    servers = self.select_servers(
              ^^^^^^^^^^^^^^^^^^^^
  File "/home/omnissiah/Project/Python/Django/django/lib/python3.12/site-packages/pymongo/synchronous/topology.py", line 283, in select_servers
    server_descriptions = self._select_servers_loop(
                          ^^^^^^^^^^^^^^^^^^^^^^^^^^
  File "/home/omnissiah/Project/Python/Django/django/lib/python3.12/site-packages/pymongo/synchronous/topology.py", line 333, in _select_servers_loop
    raise ServerSelectionTimeoutError(
Traceback (most recent call last):
  File "/home/omnissiah/Project/nodejs/react/Smart_Data_Management/Smart_Data_Management/Main/models.py", line 161, in connect
    self.connection.server_info()
  File "/home/omnissiah/Project/Python/Django/django/lib/python3.12/site-packages/pymongo/synchronous/mongo_client.py", line 2125, in server_info
    self.admin.command(
  File "/home/omnissiah/Project/Python/Django/django/lib/python3.12/site-packages/pymongo/_csot.py", line 119, in csot_wrapper
    return func(self, *args, **kwargs)
           ^^^^^^^^^^^^^^^^^^^^^^^^^^^
  File "/home/omnissiah/Project/Python/Django/django/lib/python3.12/site-packages/pymongo/synchronous/database.py", line 926, in command
    with self._client._conn_for_reads(read_preference, session, operation=command_name) as (
         ^^^^^^^^^^^^^^^^^^^^^^^^^^^^^^^^^^^^^^^^^^^^^^^^^^^^^^^^^^^^^^^^^^^^^^^^^^^^^^
  File "/home/omnissiah/Project/Python/Django/django/lib/python3.12/site-packages/pymongo/synchronous/mongo_client.py", line 1701, in _conn_for_reads
    server = self._select_server(read_preference, session, operation)
             ^^^^^^^^^^^^^^^^^^^^^^^^^^^^^^^^^^^^^^^^^^^^^^^^^^^^^^^^
  File "/home/omnissiah/Project/Python/Django/django/lib/python3.12/site-packages/pymongo/synchronous/mongo_client.py", line 1649, in _select_server
    server = topology.select_server(
             ^^^^^^^^^^^^^^^^^^^^^^^
  File "/home/omnissiah/Project/Python/Django/django/lib/python3.12/site-packages/pymongo/synchronous/topology.py", line 398, in select_server
    server = self._select_server(
             ^^^^^^^^^^^^^^^^^^^^
  File "/home/omnissiah/Project/Python/Django/django/lib/python3.12/site-packages/pymongo/synchronous/topology.py", line 376, in _select_server
    servers = self.select_servers(
              ^^^^^^^^^^^^^^^^^^^^
  File "/home/omnissiah/Project/Python/Django/django/lib/python3.12/site-packages/pymongo/synchronous/topology.py", line 283, in select_servers
    server_descriptions = self._select_servers_loop(
                          ^^^^^^^^^^^^^^^^^^^^^^^^^^
  File "/home/omnissiah/Project/Python/Django/django/lib/python3.12/site-packages/pymongo/synchronous/topology.py", line 333, in _select_servers_loop
    raise ServerSelectionTimeoutError(
pymongo.errors.ServerSelectionTimeoutError: 127.0.0.1:27017: [Errno 111] Connection refused (configured timeouts: socketTimeoutMS: 20000.0ms, connectTimeoutMS: 20000.0ms), Timeout: 30s, Topology Description: <TopologyDescription id: 67aca5ec1e6a669240a36294, topology_type: Unknown, servers: [<ServerDescription ('127.0.0.1', 27017) server_type: Unknown, rtt: None, error=AutoReconnect('127.0.0.1:27017: [Errno 111] Connection refused (configured timeouts: socketTimeoutMS: 20000.0ms, connectTimeoutMS: 20000.0ms)')>]>
[12-02-2025 19:16]:[INFO]:[MONGODB] Established Connection to mongodb://127.0.0.1:27017/
[12-02-2025 19:16]:[INFO]:[MONGODB] Established Connection to mongodb://127.0.0.1:27017/
[12-02-2025 19:16]:[INFO]:[MONGODB] Established Connection to mongodb://127.0.0.1:27017/
[12-02-2025 19:16]:[INFO]:[MONGODB] Established Connection to mongodb://127.0.0.1:27017/
[12-02-2025 19:16]:[INFO]:[MONGODB] Established Connection to mongodb://127.0.0.1:27017/
[12-02-2025 19:16]:[INFO]:[MONGODB] Established Connection to mongodb://127.0.0.1:27017/
[12-02-2025 19:16]:[INFO]:[MONGODB] Established Connection to mongodb://127.0.0.1:27017/
[12-02-2025 19:16]:[INFO]:[MONGODB] Established Connection to mongodb://127.0.0.1:27017/
[12-02-2025 19:16]:[INFO]:[MONGODB] Established Connection to mongodb://127.0.0.1:27017/
[12-02-2025 19:16]:[INFO]:[MONGODB] Established Connection to mongodb://127.0.0.1:27017/
[12-02-2025 19:16]:[INFO]:[MONGODB] Established Connection to mongodb://127.0.0.1:27017/
[12-02-2025 19:16]:[INFO]:[MONGODB] Established Connection to mongodb://127.0.0.1:27017/
[12-02-2025 19:16]:[INFO]:[MONGODB] Established Connection to mongodb://127.0.0.1:27017/
[12-02-2025 19:16]:[INFO]:[MONGODB] Established Connection to mongodb://127.0.0.1:27017/
[12-02-2025 19:16]:[INFO]:[MONGODB] Established Connection to mongodb://127.0.0.1:27017/
[12-02-2025 19:16]:[INFO]:[MONGODB] Established Connection to mongodb://127.0.0.1:27017/
[12-02-2025 19:16]:[INFO]:[MONGODB] Established Connection to mongodb://127.0.0.1:27017/
[12-02-2025 19:16]:[INFO]:[MONGODB] Established Connection to mongodb://127.0.0.1:27017/
[12-02-2025 19:16]:[INFO]:[MONGODB] Established Connection to mongodb://127.0.0.1:27017/
[12-02-2025 19:16]:[INFO]:[MONGODB] Established Connection to mongodb://127.0.0.1:27017/
[12-02-2025 19:16]:[INFO]:[MONGODB] Established Connection to mongodb://127.0.0.1:27017/
[12-02-2025 19:16]:[INFO]:[MONGODB] Established Connection to mongodb://127.0.0.1:27017/
[12-02-2025 19:16]:[INFO]:[MONGODB] Established Connection to mongodb://127.0.0.1:27017/
[12-02-2025 19:16]:[INFO]:[MONGODB] Established Connection to mongodb://127.0.0.1:27017/
[12-02-2025 19:16]:[INFO]:[MONGODB] Established Connection to mongodb://127.0.0.1:27017/
[12-02-2025 19:16]:[INFO]:[MONGODB] Established Connection to mongodb://127.0.0.1:27017/
[12-02-2025 19:16]:[INFO]:[MONGODB] Established Connection to mongodb://127.0.0.1:27017/
[12-02-2025 19:16]:[INFO]:[MONGODB] Established Connection to mongodb://127.0.0.1:27017/
[12-02-2025 19:16]:[INFO]:[MONGODB] Established Connection to mongodb://127.0.0.1:27017/
[12-02-2025 20:05]:[INFO]:[MONGODB] Established Connection to mongodb://127.0.0.1:27017/
[12-02-2025 20:05]:[INFO]:[MONGODB] Established Connection to mongodb://127.0.0.1:27017/
[12-02-2025 20:05]:[INFO]:[MONGODB] Established Connection to mongodb://127.0.0.1:27017/
[12-02-2025 20:05]:[INFO]:[MONGODB] Established Connection to mongodb://127.0.0.1:27017/
[12-02-2025 20:05]:[INFO]:[MONGODB] Established Connection to mongodb://127.0.0.1:27017/
[12-02-2025 20:05]:[INFO]:[MONGODB] Established Connection to mongodb://127.0.0.1:27017/
[12-02-2025 20:05]:[INFO]:[MONGODB] Established Connection to mongodb://127.0.0.1:27017/
[12-02-2025 20:05]:[INFO]:[MONGODB] Established Connection to mongodb://127.0.0.1:27017/
[12-02-2025 20:05]:[INFO]:[MONGODB] Established Connection to mongodb://127.0.0.1:27017/
[12-02-2025 20:05]:[INFO]:[MONGODB] Established Connection to mongodb://127.0.0.1:27017/
[12-02-2025 20:05]:[INFO]:[MONGODB] Established Connection to mongodb://127.0.0.1:27017/
[12-02-2025 20:05]:[INFO]:[MONGODB] Established Connection to mongodb://127.0.0.1:27017/
[12-02-2025 20:05]:[INFO]:[MONGODB] Established Connection to mongodb://127.0.0.1:27017/
[12-02-2025 20:06]:[INFO]:[MONGODB] Established Connection to mongodb://127.0.0.1:27017/
[12-02-2025 20:06]:[INFO]:[MONGODB] Established Connection to mongodb://127.0.0.1:27017/
[12-02-2025 20:06]:[INFO]:[MONGODB] Established Connection to mongodb://127.0.0.1:27017/
[12-02-2025 20:06]:[INFO]:[MONGODB] Established Connection to mongodb://127.0.0.1:27017/
[12-02-2025 20:06]:[INFO]:[MONGODB] Established Connection to mongodb://127.0.0.1:27017/
[12-02-2025 20:06]:[INFO]:[MONGODB] Established Connection to mongodb://127.0.0.1:27017/
[12-02-2025 20:06]:[INFO]:[MONGODB] Established Connection to mongodb://127.0.0.1:27017/
[12-02-2025 20:06]:[INFO]:[MONGODB] Established Connection to mongodb://127.0.0.1:27017/
[12-02-2025 20:06]:[INFO]:[MONGODB] Established Connection to mongodb://127.0.0.1:27017/
[12-02-2025 20:06]:[INFO]:[MONGODB] Established Connection to mongodb://127.0.0.1:27017/
[12-02-2025 20:06]:[INFO]:[MONGODB] Established Connection to mongodb://127.0.0.1:27017/
[12-02-2025 20:06]:[INFO]:[MONGODB] Established Connection to mongodb://127.0.0.1:27017/
[12-02-2025 20:06]:[INFO]:[MONGODB] Established Connection to mongodb://127.0.0.1:27017/
[12-02-2025 20:12]:[INFO]:[MONGODB] Established Connection to mongodb://127.0.0.1:27017/
[12-02-2025 20:12]:[INFO]:[MONGODB] Established Connection to mongodb://127.0.0.1:27017/
[12-02-2025 20:12]:[INFO]:[MONGODB] Established Connection to mongodb://127.0.0.1:27017/
[12-02-2025 20:12]:[INFO]:[MONGODB] Established Connection to mongodb://127.0.0.1:27017/
[12-02-2025 20:12]:[INFO]:[MONGODB] Established Connection to mongodb://127.0.0.1:27017/
[12-02-2025 20:12]:[INFO]:[MONGODB] Established Connection to mongodb://127.0.0.1:27017/
[12-02-2025 20:12]:[INFO]:[MONGODB] Established Connection to mongodb://127.0.0.1:27017/
[12-02-2025 20:12]:[INFO]:[MONGODB] Established Connection to mongodb://127.0.0.1:27017/
[12-02-2025 20:12]:[INFO]:[MONGODB] Established Connection to mongodb://127.0.0.1:27017/
[12-02-2025 20:12]:[INFO]:[MONGODB] Established Connection to mongodb://127.0.0.1:27017/
[12-02-2025 20:12]:[INFO]:[MONGODB] Established Connection to mongodb://127.0.0.1:27017/
[12-02-2025 20:12]:[INFO]:[MONGODB] Established Connection to mongodb://127.0.0.1:27017/
[12-02-2025 20:12]:[INFO]:[MONGODB] Established Connection to mongodb://127.0.0.1:27017/
